// Jest Snapshot v1, https://goo.gl/fbAQLP

exports[`<Feed /> Render product 1`] = `"<div class=\\"sc-bdnxRM hRZjXQ\\"><div class=\\"sc-pNWdM ghWYOG\\"><h1 class=\\"sc-jrsJWt fGxmpT\\">Instagram</h1><div class=\\"sc-ksluID TUyEM\\"><input placeholder=\\"Search\\" class=\\"sc-fnVZcZ ldJCLS\\" value=\\"\\"><a id=\\"search\\" class=\\"sc-hBMUJo jVGdpT\\" href=\\"/search/\\"><svg stroke=\\"currentColor\\" fill=\\"currentColor\\" stroke-width=\\"0\\" viewBox=\\"0 0 1024 1024\\" color=\\"white\\" style=\\"color: white;\\" height=\\"22px\\" width=\\"22px\\" xmlns=\\"http://www.w3.org/2000/svg\\"><path d=\\"M909.6 854.5L649.9 594.8C690.2 542.7 712 479 712 412c0-80.2-31.3-155.4-87.9-212.1-56.6-56.7-132-87.9-212.1-87.9s-155.5 31.3-212.1 87.9C143.2 256.5 112 331.8 112 412c0 80.1 31.3 155.5 87.9 212.1C256.5 680.8 331.8 712 412 712c67 0 130.6-21.8 182.7-62l259.7 259.6a8.2 8.2 0 0 0 11.6 0l43.6-43.5a8.2 8.2 0 0 0 0-11.6zM570.4 570.4C528 612.7 471.8 636 412 636s-116-23.3-158.4-65.6C211.3 528 188 471.8 188 412s23.3-116.1 65.6-158.4C296 211.3 352.2 188 412 188s116.1 23.2 158.4 65.6S636 352.2 636 412s-23.3 116.1-65.6 158.4z\\"></path></svg></a></div><div class=\\"sc-kEqXSa hGnimy\\"><a id=\\"user_picture\\" class=\\"sc-dIsUp liJhhc\\" href=\\"/login/\\"><img src=\\"[object Object]\\" alt=\\"Profile Image\\" class=\\"sc-bqGGPW bVWnqT\\"></a></div></div><div class=\\"sc-cxNHIi fdoaJO\\"><img src=\\"[object Object]\\" alt=\\"loading\\" class=\\"sc-lmgQwP ctTDkf\\"></div><div class=\\"sc-fFSPTT ekUIxE\\"><a class=\\"sc-bkbkJK xqnUt\\" href=\\"/\\"><svg stroke=\\"currentColor\\" fill=\\"currentColor\\" stroke-width=\\"0\\" viewBox=\\"0 0 1024 1024\\" color=\\"white\\" style=\\"color: white;\\" height=\\"25px\\" width=\\"25px\\" xmlns=\\"http://www.w3.org/2000/svg\\"><path d=\\"M946.5 505L534.6 93.4a31.93 31.93 0 0 0-45.2 0L77.5 505c-12 12-18.8 28.3-18.8 45.3 0 35.3 28.7 64 64 64h43.4V908c0 17.7 14.3 32 32 32H448V716h112v224h265.9c17.7 0 32-14.3 32-32V614.3h43.4c17 0 33.3-6.7 45.3-18.8 24.9-25 24.9-65.5-.1-90.5z\\"></path></svg></a><a class=\\"sc-bkbkJK xqnUt\\" href=\\"/search\\"><svg stroke=\\"currentColor\\" fill=\\"currentColor\\" stroke-width=\\"0\\" viewBox=\\"0 0 1024 1024\\" color=\\"white\\" style=\\"color: white;\\" height=\\"25px\\" width=\\"25px\\" xmlns=\\"http://www.w3.org/2000/svg\\"><path d=\\"M909.6 854.5L649.9 594.8C690.2 542.7 712 479 712 412c0-80.2-31.3-155.4-87.9-212.1-56.6-56.7-132-87.9-212.1-87.9s-155.5 31.3-212.1 87.9C143.2 256.5 112 331.8 112 412c0 80.1 31.3 155.5 87.9 212.1C256.5 680.8 331.8 712 412 712c67 0 130.6-21.8 182.7-62l259.7 259.6a8.2 8.2 0 0 0 11.6 0l43.6-43.5a8.2 8.2 0 0 0 0-11.6zM570.4 570.4C528 612.7 471.8 636 412 636s-116-23.3-158.4-65.6C211.3 528 188 471.8 188 412s23.3-116.1 65.6-158.4C296 211.3 352.2 188 412 188s116.1 23.2 158.4 65.6S636 352.2 636 412s-23.3 116.1-65.6 158.4z\\"></path></svg></a><a class=\\"sc-bkbkJK xqnUt\\" href=\\"/profile/Serbrylex\\"><img src=\\"[object Object]\\" alt=\\"Profile Image\\" class=\\"sc-iemWCZ gVANCk\\"></a></div></div>"`;
